🎯 Grid World GFlowNet Example
==================================================
📅 Timestamp: 2025-07-24_22-23-40
📁 Results directory: results/
🔧 Creating 5×5 Grid World GFlowNet model...
✅ Model created successfully!

🚀 Starting training...
🚀 Training GFlowNet...
   Iterations: 1000
   Batch size: 32
   Gradient norm: 2.5379
   Gradient norm: 2.2722
Iteration 50: Loss = 5.4981, Mean Reward = 0.1, High Rewards = 0/32, Successful samples = 32/32, Z = 22.2
   Gradient norm: 1.8622
   Gradient norm: 1.9202
   Gradient norm: 2.1713
Iteration 100: Loss = 8.7591, Mean Reward = 0.25, High Rewards = 1/32, Successful samples = 32/32, Z = 22.2
   Gradient norm: 2.7145
   Gradient norm: 2.0705
Iteration 150: Loss = 6.1401, Mean Reward = 0.56, High Rewards = 2/32, Successful samples = 32/32, Z = 22.2
   Gradient norm: 1.9355
   Gradient norm: 2.3493
   Gradient norm: 2.1888
Iteration 200: Loss = 6.89, Mean Reward = 0.25, High Rewards = 1/32, Successful samples = 32/32, Z = 22.2
   Gradient norm: 2.2693
   Gradient norm: 2.3935
Iteration 250: Loss = 10.7615, Mean Reward = 0.41, High Rewards = 2/32, Successful samples = 32/32, Z = 22.2
   Gradient norm: 3.0724
   Gradient norm: 1.7882
   Gradient norm: 2.3532
Iteration 300: Loss = 8.896, Mean Reward = 0.25, High Rewards = 1/32, Successful samples = 32/32, Z = 22.2
   Gradient norm: 1.9353
   Gradient norm: 1.9306
Iteration 350: Loss = 9.1786, Mean Reward = 0.56, High Rewards = 3/32, Successful samples = 32/32, Z = 22.2
   Gradient norm: 2.5006
   Gradient norm: 2.5296
   Gradient norm: 2.41
Iteration 400: Loss = 6.7495, Mean Reward = 0.25, High Rewards = 1/32, Successful samples = 32/32, Z = 22.2
   Gradient norm: 2.5562
   Gradient norm: 3.1156
Iteration 450: Loss = 10.6903, Mean Reward = 0.56, High Rewards = 2/32, Successful samples = 32/32, Z = 22.2
   Gradient norm: 2.7599
   Gradient norm: 2.4475
   Gradient norm: 1.9528
Iteration 500: Loss = 7.1085, Mean Reward = 0.1, High Rewards = 0/32, Successful samples = 32/32, Z = 22.2
   Gradient norm: 3.0639
   Gradient norm: 2.9708
Iteration 550: Loss = 7.3878, Mean Reward = 0.1, High Rewards = 0/32, Successful samples = 32/32, Z = 22.2
   Gradient norm: 2.9606
   Gradient norm: 2.9651
   Gradient norm: 3.3876
Iteration 600: Loss = 9.4642, Mean Reward = 0.41, High Rewards = 1/32, Successful samples = 32/32, Z = 22.2
   Gradient norm: 2.1956
   Gradient norm: 2.3916
Iteration 650: Loss = 8.5449, Mean Reward = 1.02, High Rewards = 4/32, Successful samples = 32/32, Z = 22.2
   Gradient norm: 2.2496
   Gradient norm: 2.8501
   Gradient norm: 3.0081
Iteration 700: Loss = 9.3918, Mean Reward = 0.1, High Rewards = 0/32, Successful samples = 32/32, Z = 22.2
   Gradient norm: 2.1659
   Gradient norm: 2.0985
Iteration 750: Loss = 5.7736, Mean Reward = 0.1, High Rewards = 0/32, Successful samples = 32/32, Z = 22.2
   Gradient norm: 2.7548
   Gradient norm: 3.1753
   Gradient norm: 1.8405
Iteration 800: Loss = 8.2287, Mean Reward = 0.25, High Rewards = 1/32, Successful samples = 32/32, Z = 22.2
   Gradient norm: 1.8848
   Gradient norm: 3.2235
Iteration 850: Loss = 9.0685, Mean Reward = 0.56, High Rewards = 3/32, Successful samples = 32/32, Z = 22.2
   Gradient norm: 2.4428
   Gradient norm: 3.4836
   Gradient norm: 2.3473
Iteration 900: Loss = 8.2055, Mean Reward = 0.56, High Rewards = 2/32, Successful samples = 32/32, Z = 22.2
   Gradient norm: 2.6646
   Gradient norm: 3.2363
Iteration 950: Loss = 6.5958, Mean Reward = 0.25, High Rewards = 1/32, Successful samples = 32/32, Z = 22.2
   Gradient norm: 1.1926
   Gradient norm: 2.5849
   Gradient norm: 3.1295
Iteration 1000: Loss = 7.6445, Mean Reward = 0.25, High Rewards = 1/32, Successful samples = 32/32, Z = 22.2
✅ Training completed!
📊 Total successful samples: 32000/32000

🎯 Evaluating model...
🎯 Evaluating Model...
   Sampling 50 trajectories...
📊 Evaluation Results:
   Successful evaluations: 50/50
   Mean Reward: 0.3
   High Reward (≥5.0) Rate: 0.0% (0/50)
   Max Reward (≥10.0) Rate: 2.0% (1/50)

📋 Sample Trajectories:
   1. (1,1) → (2,1) → (1,1) → (2,1) → (1,1) → (2,1) → (2,1) (Reward: 0.1)
   2. (1,1) → (2,1) → (1,1) → (1,2) → (1,3) → (1,4) → (1,4) (Reward: 0.1)
   3. (1,1) → (2,1) → (2,1) (Reward: 0.1)

📈 Reward Distribution:
   Reward 0.1: 49 samples (default terminal)
   Reward 5.0: 0 samples (positions (1,5) and (5,1))
   Reward 10.0: 1 samples (position (3,3))
   Other: 0 samples


📊 Creating visualizations...

📊 Creating reward distribution...

💾 Saving training data...

✅ Grid World Example Complete!
📊 Results saved to: results/grid_world_results_2025-07-24_22-23-40.txt
🐛 Debug log saved to: results/debug_2025-07-24_22-23-40.log
