🎯 Grid World GFlowNet Example
==================================================
📅 Timestamp: 2025-07-24_21-59-49
📁 Results directory: results/
🔧 Creating GFlowNet model...
✅ Model created successfully!

🚀 Starting training...
🚀 Training GFlowNet...
   Iterations: 50
   Batch size: 4
Error in training iteration 1: BoundsError(Float32[-1.5525905, -1.4174262, -0.2758621, 1.5074635, 1.3427142], ([2, 4, 10],))
  📚 Injected curriculum trajectory to help learning
Error in training iteration 2: BoundsError(Float32[-1.5525905, -1.4174262, -0.2758621, 1.5074635, 1.3427142], ([2, 4, 10],))
Error in training iteration 3: BoundsError(Float32[-1.5525905, -1.4174262, -0.2758621, 1.5074635, 1.3427142], ([2, 4, 10],))
Error in training iteration 4: BoundsError(Float32[-1.5525905, -1.4174262, -0.2758621, 1.5074635, 1.3427142], ([2, 4, 10],))
  📚 Injected curriculum trajectory to help learning
Error in training iteration 5: BoundsError(Float32[-1.5525905, -1.4174262, -0.2758621, 1.5074635, 1.3427142], ([2, 4, 10],))
Error in training iteration 6: BoundsError(Float32[-1.5525905, -1.4174262, -0.2758621, 1.5074635, 1.3427142], ([2, 4, 10],))
Error in training iteration 7: BoundsError(Float32[-1.5525905, -1.4174262, -0.2758621, 1.5074635, 1.3427142], ([2, 4, 10],))
Error in training iteration 8: BoundsError(Float32[-1.5525905, -1.4174262, -0.2758621, 1.5074635, 1.3427142], ([2, 4, 10],))
Error in training iteration 9: BoundsError(Float32[-1.5525905, -1.4174262, -0.2758621, 1.5074635, 1.3427142], ([2, 4, 10],))
Error in training iteration 10: BoundsError(Float32[-1.5525905, -1.4174262, -0.2758621, 1.5074635, 1.3427142], ([2, 4, 10],))
Error in training iteration 11: BoundsError(Float32[-1.5525905, -1.4174262, -0.2758621, 1.5074635, 1.3427142], ([2, 4, 10],))
  📚 Injected curriculum trajectory to help learning
Error in training iteration 12: BoundsError(Float32[-1.5525905, -1.4174262, -0.2758621, 1.5074635, 1.3427142], ([2, 4, 10],))
Error in training iteration 13: BoundsError(Float32[-1.5525905, -1.4174262, -0.2758621, 1.5074635, 1.3427142], ([2, 4, 10],))
  📚 Injected curriculum trajectory to help learning
Error in training iteration 14: BoundsError(Float32[-1.5525905, -1.4174262, -0.2758621, 1.5074635, 1.3427142], ([2, 4, 10],))
  📚 Injected curriculum trajectory to help learning
Error in training iteration 15: BoundsError(Float32[-1.5525905, -1.4174262, -0.2758621, 1.5074635, 1.3427142], ([2, 4, 10],))
Error in training iteration 16: BoundsError(Float32[-1.5525905, -1.4174262, -0.2758621, 1.5074635, 1.3427142], ([2, 4, 10],))
Error in training iteration 17: BoundsError(Float32[-1.5525905, -1.4174262, -0.2758621, 1.5074635, 1.3427142], ([2, 4, 10],))
  📚 Injected curriculum trajectory to help learning
Error in training iteration 18: BoundsError(Float32[-1.5525905, -1.4174262, -0.2758621, 1.5074635, 1.3427142], ([2, 4, 10],))
  📚 Injected curriculum trajectory to help learning
Error in training iteration 19: BoundsError(Float32[-1.5525905, -1.4174262, -0.2758621, 1.5074635, 1.3427142], ([2, 4, 10],))
Error in training iteration 20: BoundsError(Float32[-1.5525905, -1.4174262, -0.2758621, 1.5074635, 1.3427142], ([2, 4, 10],))
Error in training iteration 21: BoundsError(Float32[-1.5525905, -1.4174262, -0.2758621, 1.5074635, 1.3427142], ([2, 4, 10],))
Error in training iteration 22: BoundsError(Float32[-1.5525905, -1.4174262, -0.2758621, 1.5074635, 1.3427142], ([2, 4, 10],))
Error in training iteration 23: BoundsError(Float32[-1.5525905, -1.4174262, -0.2758621, 1.5074635, 1.3427142], ([2, 4, 10],))
Error in training iteration 24: BoundsError(Float32[-1.5525905, -1.4174262, -0.2758621, 1.5074635, 1.3427142], ([2, 4, 10],))
Error in training iteration 25: BoundsError(Float32[-1.5525905, -1.4174262, -0.2758621, 1.5074635, 1.3427142], ([2, 4, 10],))
Error in training iteration 26: BoundsError(Float32[-1.5525905, -1.4174262, -0.2758621, 1.5074635, 1.3427142], ([2, 4, 10],))
Error in training iteration 27: BoundsError(Float32[-1.5525905, -1.4174262, -0.2758621, 1.5074635, 1.3427142], ([2, 4, 10],))
Error in training iteration 28: BoundsError(Float32[-1.5525905, -1.4174262, -0.2758621, 1.5074635, 1.3427142], ([2, 4, 10],))
Error in training iteration 29: BoundsError(Float32[-1.5525905, -1.4174262, -0.2758621, 1.5074635, 1.3427142], ([2, 4, 10],))
Error in training iteration 30: BoundsError(Float32[-1.5525905, -1.4174262, -0.2758621, 1.5074635, 1.3427142], ([2, 4, 10],))
Error in training iteration 31: BoundsError(Float32[-1.5525905, -1.4174262, -0.2758621, 1.5074635, 1.3427142], ([2, 4, 10],))
Error in training iteration 32: BoundsError(Float32[-1.5525905, -1.4174262, -0.2758621, 1.5074635, 1.3427142], ([2, 4, 10],))
Error in training iteration 33: BoundsError(Float32[-1.5525905, -1.4174262, -0.2758621, 1.5074635, 1.3427142], ([2, 4, 10],))
Error in training iteration 34: BoundsError(Float32[-1.5525905, -1.4174262, -0.2758621, 1.5074635, 1.3427142], ([2, 4, 10],))
Error in training iteration 35: BoundsError(Float32[-1.5525905, -1.4174262, -0.2758621, 1.5074635, 1.3427142], ([2, 4, 10],))
Error in training iteration 36: BoundsError(Float32[-1.5525905, -1.4174262, -0.2758621, 1.5074635, 1.3427142], ([2, 4, 10],))
Error in training iteration 37: BoundsError(Float32[-1.5525905, -1.4174262, -0.2758621, 1.5074635, 1.3427142], ([2, 4, 10],))
Error in training iteration 38: BoundsError(Float32[-1.5525905, -1.4174262, -0.2758621, 1.5074635, 1.3427142], ([2, 4, 10],))
Error in training iteration 39: BoundsError(Float32[-1.5525905, -1.4174262, -0.2758621, 1.5074635, 1.3427142], ([2, 4, 10],))
Error in training iteration 40: BoundsError(Float32[-1.5525905, -1.4174262, -0.2758621, 1.5074635, 1.3427142], ([2, 4, 10],))
Error in training iteration 41: BoundsError(Float32[-1.5525905, -1.4174262, -0.2758621, 1.5074635, 1.3427142], ([2, 4, 10],))
Error in training iteration 42: BoundsError(Float32[-1.5525905, -1.4174262, -0.2758621, 1.5074635, 1.3427142], ([2, 4, 10],))
Error in training iteration 43: BoundsError(Float32[-1.5525905, -1.4174262, -0.2758621, 1.5074635, 1.3427142], ([2, 4, 10],))
Error in training iteration 44: BoundsError(Float32[-1.5525905, -1.4174262, -0.2758621, 1.5074635, 1.3427142], ([2, 4, 10],))
Error in training iteration 45: BoundsError(Float32[-1.5525905, -1.4174262, -0.2758621, 1.5074635, 1.3427142], ([2, 4, 10],))
Error in training iteration 46: BoundsError(Float32[-1.5525905, -1.4174262, -0.2758621, 1.5074635, 1.3427142], ([2, 4, 10],))
Error in training iteration 47: BoundsError(Float32[-1.5525905, -1.4174262, -0.2758621, 1.5074635, 1.3427142], ([2, 4, 10],))
Error in training iteration 48: BoundsError(Float32[-1.5525905, -1.4174262, -0.2758621, 1.5074635, 1.3427142], ([2, 4, 10],))
Error in training iteration 49: BoundsError(Float32[-1.5525905, -1.4174262, -0.2758621, 1.5074635, 1.3427142], ([2, 4, 10],))
Error in training iteration 50: BoundsError(Float32[-1.5525905, -1.4174262, -0.2758621, 1.5074635, 1.3427142], ([2, 4, 10],))
✅ Training completed!
📊 Total successful samples: 200/200

🎯 Evaluating model...
🎯 Evaluating Model...
   Sampling 10 trajectories...
📊 Evaluation Results:
   Successful evaluations: 10/10
   Mean Reward: 8.6
   High Reward (≥5.0) Rate: 0.0% (0/10)
   Max Reward (≥10.0) Rate: 40.0% (4/10)
   
📋 Sample Trajectories:
   1. (1,1) → (1,1) (Reward: 1.0)
   2. (1,1) → (1,1) (Reward: 1.0)
   3. (1,1) → (1,1) (Reward: 1.0)

📈 Reward Distribution:
   Reward 1.0: 6 samples
   Reward 5.0: 0 samples  
   Reward 10.0: 0 samples


✅ Grid World Example Complete!
📊 Results saved to: results/grid_world_results_2025-07-24_21-59-49.txt
🐛 Debug log saved to: results/debug_2025-07-24_21-59-49.log
