🎯 Grid World GFlowNet Example
==================================================
📅 Timestamp: 2025-07-24_22-31-10
📁 Results directory: results/
🔧 Creating 5×5 Grid World GFlowNet model...
✅ Model created successfully!

🚀 Starting training...
🚀 Training GFlowNet with modern interface...
   Iterations: 100
   Batch size: 16
✅ Training configuration created
   Objective: TRAJECTORY_BALANCE
   Partition function method: ADAPTIVE_ESTIMATION
   Learning rate: 0.001
   Gradient norm: 36.9847
   Updated partition function Z = 22.2
Iteration 50: Loss = 25.5548, Mean Reward = 3.18, High Rewards = 7/16, Max Rewards = 3/16, Successful = 16/16
  📚 Curriculum learning active (30% injection rate)
  📚 Curriculum learning active (30% injection rate)
  📚 Curriculum learning active (30% injection rate)
  📚 Curriculum learning active (30% injection rate)
  📚 Curriculum learning active (30% injection rate)
   Gradient norm: 42.7375
   Updated partition function Z = 22.2
Iteration 100: Loss = 30.2367, Mean Reward = 2.26, High Rewards = 5/16, Max Rewards = 2/16, Successful = 16/16
✅ Training completed!
📊 Total successful samples: 1600/1600

🎯 Evaluating model...
🎯 Evaluating Model...
   Sampling 50 trajectories...
📊 Evaluation Results:
   Successful evaluations: 50/50
   Mean Reward: 0.7
   High Reward (≥5.0) Rate: 8.0% (4/50)
   Max Reward (≥10.0) Rate: 2.0% (1/50)

📋 Sample Trajectories:
   1. (1,1) → (2,1) → (3,1) → (3,2) → (4,2) → (4,3) → (4,3) (Reward: 0.1)
   2. (1,1) → (2,1) → (3,1) → (4,1) → (3,1) → (3,2) → (3,1) → (4,1) → (5,1) → (5,2) → (5,1) → (5,2) → (5,3) → (5,4) → (5,3) → (5,4) → (5,3) → (5,4) → (5,5) → (5,4) → (5,5) → (5,4) → (4,4) → (4,3) → (5,3) → (5,4) → (5,5) → (5,4) → (5,3) → (4,3) → (5,3) → (5,2) → (4,2) → (5,2) → (5,1) → (5,2) → (5,3) → (5,4) → (5,5) → (5,4) → (5,5) → (5,4) → (5,5) → (4,5) → (4,4) → (4,3) → (5,3) → (5,4) → (5,5) → (5,4) → (5,5) → (4,5) → (4,4) → (4,5) → (5,5) → (5,4) → (5,3) → (5,4) → (5,5) → (5,4) → (5,5) → (5,4) → (5,5) → (5,4) → (5,3) → (5,4) → (5,3) → (5,4) → (5,5) → (5,4) → (5,5) → (5,4) → (5,5) → (5,5) (Reward: 0.1)
   3. (1,1) → (2,1) → (3,1) → (4,1) → (5,1) → (5,2) → (5,3) → (5,4) → (5,3) → (5,2) → (5,1) → (5,2) → (5,3) → (5,4) → (5,3) → (5,3) (Reward: 0.1)

📈 Reward Distribution:
   Reward 0.1: 45 samples (default terminal)
   Reward 5.0: 4 samples (positions (1,5) and (5,1))
   Reward 10.0: 1 samples (position (3,3))
   Other: 0 samples


📊 Creating visualizations...

📊 Creating reward distribution...

💾 Saving training data...

✅ Grid World Example Complete!
📊 Results saved to: results/grid_world_results_2025-07-24_22-31-10.txt
🐛 Debug log saved to: results/debug_2025-07-24_22-31-10.log
