Starting Enhanced Feature Acquisition Visualization...
Working directory: /Volumes/chetianc/Documents/Decision_science_codes/Gflownet/examples/feature_acquisition
  Activating project at `/Volumes/chetianc/Documents/Decision_science_codes/Gflownet/examples/feature_acquisition`
Activated project at: /Volumes/chetianc/Documents/Decision_science_codes/Gflownet/examples/feature_acquisition
Creating enhanced visualizations for feature acquisition results...
Using existing figs directory at /Volumes/chetianc/Documents/Decision_science_codes/Gflownet/examples/feature_acquisition/figs
Loading existing metrics from feature_acquisition_metrics.csv
Creating enhanced training metrics plot...
Saved enhanced training metrics plot
Creating enhanced strategy comparison plot...
GKS: could not find font bold.ttf
Saved enhanced strategy comparison visualization
Creating enhanced feature selection heatmap...
Saved enhanced feature selection analysis
Creating enhanced strategy effectiveness summary...
Saved enhanced strategy effectiveness analysis
Creating enhanced key findings visualization...
Saved enhanced key findings visualization
Creating enhanced ground truth comparison visualization...
Saved enhanced ground truth comparison visualization
Generating comprehensive feature acquisition report...
Generated HTML report with enhanced styling: /Volumes/chetianc/Documents/Decision_science_codes/Gflownet/examples/feature_acquisition/figs/feature_acquisition_report.html
Generated comprehensive report: /Volumes/chetianc/Documents/Decision_science_codes/Gflownet/examples/feature_acquisition/figs/feature_acquisition_report.md
Visualization and reporting completed successfully!
